START random_dense: 200 tasks on 8 workers (mode=write)
  random_dense: 10/200 tasks (1.5 min)
  random_dense: 20/200 tasks (2.9 min)
  random_dense: 30/200 tasks (4.3 min)
  random_dense: 40/200 tasks (5.9 min)
  random_dense: 50/200 tasks (7.4 min)
  random_dense: 60/200 tasks (9.2 min)
  random_dense: 70/200 tasks (10.9 min)
  random_dense: 80/200 tasks (12.6 min)
  random_dense: 90/200 tasks (14.1 min)
  random_dense: 100/200 tasks (15.7 min)
  random_dense: 110/200 tasks (17.1 min)
  random_dense: 120/200 tasks (18.5 min)
  random_dense: 130/200 tasks (19.9 min)
  random_dense: 140/200 tasks (21.4 min)
  random_dense: 150/200 tasks (22.8 min)
  random_dense: 160/200 tasks (24.4 min)
  random_dense: 170/200 tasks (25.8 min)
  random_dense: 180/200 tasks (27.1 min)
  random_dense: 190/200 tasks (28.6 min)
  random_dense: 200/200 tasks (29.9 min)
DONE random_dense in 29.9 min
START random_sparse: 200 tasks on 8 workers (mode=write)
  random_sparse: 10/200 tasks (0.4 min)
  random_sparse: 20/200 tasks (0.6 min)
  random_sparse: 30/200 tasks (0.9 min)
  random_sparse: 40/200 tasks (1.2 min)
  random_sparse: 50/200 tasks (1.4 min)
  random_sparse: 60/200 tasks (1.6 min)
  random_sparse: 70/200 tasks (1.9 min)
  random_sparse: 80/200 tasks (2.2 min)
  random_sparse: 90/200 tasks (2.4 min)
  random_sparse: 100/200 tasks (2.7 min)
  random_sparse: 110/200 tasks (3.0 min)
  random_sparse: 120/200 tasks (3.2 min)
  random_sparse: 130/200 tasks (3.5 min)
  random_sparse: 140/200 tasks (3.7 min)
  random_sparse: 150/200 tasks (4.0 min)
  random_sparse: 160/200 tasks (4.2 min)
  random_sparse: 170/200 tasks (4.5 min)
  random_sparse: 180/200 tasks (4.7 min)
  random_sparse: 190/200 tasks (5.0 min)
  random_sparse: 200/200 tasks (5.2 min)
DONE random_sparse in 5.2 min
