START random_sparse: 600 tasks on 5 workers (mode=write)
C:\Users\ormul\Desktop\Belief-Propagation-Simulator\src\propflow\bp\computators.py:189: RuntimeWarning: invalid value encountered in cast
  q = np.asarray(msg.data, dtype=dtype)
C:\Users\ormul\Desktop\Belief-Propagation-Simulator\src\propflow\bp\computators.py:189: RuntimeWarning: invalid value encountered in cast
  q = np.asarray(msg.data, dtype=dtype)
  random_sparse: 10/600 tasks (1.9 min)
  random_sparse: 20/600 tasks (4.1 min)
C:\Users\ormul\Desktop\Belief-Propagation-Simulator\src\propflow\bp\computators.py:189: RuntimeWarning: invalid value encountered in cast
  q = np.asarray(msg.data, dtype=dtype)
  random_sparse: 30/600 tasks (6.4 min)
C:\Users\ormul\Desktop\Belief-Propagation-Simulator\src\propflow\bp\computators.py:189: RuntimeWarning: invalid value encountered in cast
  q = np.asarray(msg.data, dtype=dtype)
  random_sparse: 40/600 tasks (8.2 min)
  random_sparse: 50/600 tasks (10.3 min)
  random_sparse: 60/600 tasks (12.0 min)
C:\Users\ormul\Desktop\Belief-Propagation-Simulator\src\propflow\bp\computators.py:189: RuntimeWarning: invalid value encountered in cast
  q = np.asarray(msg.data, dtype=dtype)
  random_sparse: 70/600 tasks (14.4 min)
  random_sparse: 80/600 tasks (16.6 min)
  random_sparse: 90/600 tasks (19.4 min)
  random_sparse: 100/600 tasks (22.2 min)
C:\Users\ormul\Desktop\Belief-Propagation-Simulator\src\propflow\bp\computators.py:189: RuntimeWarning: invalid value encountered in cast
  q = np.asarray(msg.data, dtype=dtype)
  random_sparse: 110/600 tasks (25.0 min)
C:\Users\ormul\Desktop\Belief-Propagation-Simulator\src\propflow\bp\computators.py:189: RuntimeWarning: invalid value encountered in cast
  q = np.asarray(msg.data, dtype=dtype)
  random_sparse: 120/600 tasks (28.1 min)
  random_sparse: 130/600 tasks (30.7 min)
  random_sparse: 140/600 tasks (32.6 min)
  random_sparse: 150/600 tasks (34.8 min)
  random_sparse: 160/600 tasks (36.8 min)
C:\Users\ormul\Desktop\Belief-Propagation-Simulator\src\propflow\bp\computators.py:189: RuntimeWarning: invalid value encountered in cast
  q = np.asarray(msg.data, dtype=dtype)
  random_sparse: 170/600 tasks (39.0 min)
  random_sparse: 180/600 tasks (41.8 min)
  random_sparse: 190/600 tasks (43.4 min)
  random_sparse: 200/600 tasks (45.8 min)
  random_sparse: 210/600 tasks (47.5 min)
  random_sparse: 220/600 tasks (49.7 min)
  random_sparse: 230/600 tasks (52.0 min)
  random_sparse: 240/600 tasks (54.1 min)
  random_sparse: 250/600 tasks (56.1 min)
  random_sparse: 260/600 tasks (57.9 min)
  random_sparse: 270/600 tasks (59.6 min)
  random_sparse: 280/600 tasks (61.9 min)
  random_sparse: 290/600 tasks (64.0 min)
  random_sparse: 300/600 tasks (65.8 min)
  random_sparse: 310/600 tasks (68.2 min)
  random_sparse: 320/600 tasks (70.1 min)
  random_sparse: 330/600 tasks (72.2 min)
  random_sparse: 340/600 tasks (74.4 min)
  random_sparse: 350/600 tasks (76.6 min)
  random_sparse: 360/600 tasks (78.8 min)
  random_sparse: 370/600 tasks (80.8 min)
  random_sparse: 380/600 tasks (82.7 min)
  random_sparse: 390/600 tasks (84.8 min)
  random_sparse: 400/600 tasks (86.8 min)
  random_sparse: 410/600 tasks (88.9 min)
  random_sparse: 420/600 tasks (91.2 min)
  random_sparse: 430/600 tasks (93.3 min)
  random_sparse: 440/600 tasks (95.0 min)
  random_sparse: 450/600 tasks (96.9 min)
  random_sparse: 460/600 tasks (98.9 min)
  random_sparse: 470/600 tasks (100.9 min)
  random_sparse: 480/600 tasks (102.9 min)
  random_sparse: 490/600 tasks (105.1 min)
  random_sparse: 500/600 tasks (106.8 min)
  random_sparse: 510/600 tasks (108.3 min)
  random_sparse: 520/600 tasks (110.6 min)
  random_sparse: 530/600 tasks (113.6 min)
  random_sparse: 540/600 tasks (116.8 min)
  random_sparse: 550/600 tasks (119.8 min)
WARNING: optimal merge hit its time limit (random_sparse seed=44); reporting best bound found
  random_sparse: 560/600 tasks (121.4 min)
  random_sparse: 570/600 tasks (123.6 min)
  random_sparse: 580/600 tasks (125.8 min)
  random_sparse: 590/600 tasks (127.9 min)
  random_sparse: 600/600 tasks (130.4 min)
DONE random_sparse in 130.5 min
RUN1_EXIT=0
